Should match snapshot:
  1: |
    apiVersion: apps/v1
    kind: Deployment
    metadata:
      annotations:
        checksum/rbac: 7ad5685f36276669f1d58bba694549ec85c1bfec764282ab94079943fba927e7
      labels:
        app.kubernetes.io/component: agent
        app.kubernetes.io/instance: RELEASE-NAME
        app.kubernetes.io/managed-by: Helm
        app.kubernetes.io/name: ngrok-operator
        app.kubernetes.io/part-of: ngrok-operator
        app.kubernetes.io/version: 0.21.0
        helm.sh/chart: ngrok-operator-0.23.0
      name: RELEASE-NAME-ngrok-operator-agent
      namespace: NAMESPACE
    spec:
      replicas: 1
      selector:
        matchLabels:
          app.kubernetes.io/component: agent
          app.kubernetes.io/instance: RELEASE-NAME
          app.kubernetes.io/name: ngrok-operator
      strategy:
        type: RollingUpdate
      template:
        metadata:
          annotations:
            checksum/config: 014211379b1d1362b605aae64c0495ea5bd380bf9add70b1d258b81c3ab64503
            checksum/rbac: 7ad5685f36276669f1d58bba694549ec85c1bfec764282ab94079943fba927e7
            prometheus.io/path: /metrics
            prometheus.io/port: "8080"
            prometheus.io/scrape: "true"
          labels:
            app.kubernetes.io/component: agent
            app.kubernetes.io/instance: RELEASE-NAME
            app.kubernetes.io/name: ngrok-operator
        spec:
          affinity:
            nodeAffinity: null
            podAffinity: null
            podAntiAffinity:
              preferredDuringSchedulingIgnoredDuringExecution:
                - podAffinityTerm:
                    labelSelector:
                      matchLabels:
                        app.kubernetes.io/component: agent
                        app.kubernetes.io/instance: RELEASE-NAME
                        app.kubernetes.io/name: ngrok-operator
                    topologyKey: kubernetes.io/hostname
                  weight: 1
          containers:
            - args:
                - agent-manager
                - --release-name=RELEASE-NAME
                - --health-probe-bind-address=:8081
                - --metrics-bind-address=:8080
                - --manager-name=RELEASE-NAME-ngrok-operator-agent-manager
              command:
                - /ngrok-operator
              env:
                - name: NGROK_AUTHTOKEN
                  valueFrom:
                    secretKeyRef:
                      key: AUTHTOKEN
                      name: RELEASE-NAME-ngrok-operator-credentials
                - name: POD_NAMESPACE
                  valueFrom:
                    fieldRef:
                      fieldPath: metadata.namespace
                - name: HELM_RELEASE_NAME
                  value: RELEASE-NAME
                - name: NGROK_OPERATOR_DESCRIPTION
                  valueFrom:
                    configMapKeyRef:
                      key: description
                      name: RELEASE-NAME-ngrok-operator-agent-config
                      optional: true
                - name: NGROK_OPERATOR_REGION
                  valueFrom:
                    configMapKeyRef:
                      key: region
                      name: RELEASE-NAME-ngrok-operator-agent-config
                      optional: true
                - name: NGROK_OPERATOR_ROOT_CAS
                  valueFrom:
                    configMapKeyRef:
                      key: rootCAs
                      name: RELEASE-NAME-ngrok-operator-agent-config
                      optional: true
                - name: NGROK_OPERATOR_SERVER_ADDR
                  valueFrom:
                    configMapKeyRef:
                      key: serverAddr
                      name: RELEASE-NAME-ngrok-operator-agent-config
                      optional: true
                - name: NGROK_OPERATOR_LOG_LEVEL
                  valueFrom:
                    configMapKeyRef:
                      key: log.level
                      name: RELEASE-NAME-ngrok-operator-agent-config
                      optional: true
                - name: NGROK_OPERATOR_LOG_FORMAT
                  valueFrom:
                    configMapKeyRef:
                      key: log.format
                      name: RELEASE-NAME-ngrok-operator-agent-config
                      optional: true
                - name: NGROK_OPERATOR_LOG_STACKTRACE_LEVEL
                  valueFrom:
                    configMapKeyRef:
                      key: log.stacktraceLevel
                      name: RELEASE-NAME-ngrok-operator-agent-config
                      optional: true
                - name: NGROK_OPERATOR_FEATURES_INGRESS_ENABLED
                  valueFrom:
                    configMapKeyRef:
                      key: features.ingress.enabled
                      name: RELEASE-NAME-ngrok-operator-agent-config
                      optional: true
                - name: NGROK_OPERATOR_FEATURES_INGRESS_WATCH_NAMESPACE
                  valueFrom:
                    configMapKeyRef:
                      key: features.ingress.watchNamespace
                      name: RELEASE-NAME-ngrok-operator-agent-config
                      optional: true
                - name: NGROK_OPERATOR_FEATURES_GATEWAY_ENABLED
                  valueFrom:
                    configMapKeyRef:
                      key: features.gateway.enabled
                      name: RELEASE-NAME-ngrok-operator-agent-config
                      optional: true
                - name: NGROK_OPERATOR_FEATURES_GATEWAY_DISABLE_REFERENCE_GRANTS
                  valueFrom:
                    configMapKeyRef:
                      key: features.gateway.disableReferenceGrants
                      name: RELEASE-NAME-ngrok-operator-agent-config
                      optional: true
                - name: NGROK_OPERATOR_FEATURES_BINDINGS_ENABLED
                  valueFrom:
                    configMapKeyRef:
                      key: features.bindings.enabled
                      name: RELEASE-NAME-ngrok-operator-agent-config
                      optional: true
                - name: NGROK_OPERATOR_FEATURES_DEFAULT_DOMAIN_RECLAIM_POLICY
                  valueFrom:
                    configMapKeyRef:
                      key: features.defaultDomainReclaimPolicy
                      name: RELEASE-NAME-ngrok-operator-agent-config
                      optional: true
              image: docker.io/ngrok/ngrok-operator:0.21.0
              imagePullPolicy: IfNotPresent
              livenessProbe:
                httpGet:
                  path: /healthz
                  port: 8081
                initialDelaySeconds: 15
                periodSeconds: 20
              name: agent
              readinessProbe:
                httpGet:
                  path: /readyz
                  port: 8081
                initialDelaySeconds: 5
                periodSeconds: 10
              resources:
                limits: {}
                requests: {}
              securityContext:
                allowPrivilegeEscalation: false
          serviceAccountName: RELEASE-NAME-ngrok-operator-agent
          terminationGracePeriodSeconds: 30
  2: |
    apiVersion: rbac.authorization.k8s.io/v1
    kind: ClusterRole
    metadata:
      name: RELEASE-NAME-ngrok-operator-agent-role
    rules:
      - apiGroups:
          - ""
        resources:
          - events
        verbs:
          - create
          - patch
      - apiGroups:
          - events.k8s.io
        resources:
          - events
        verbs:
          - create
          - patch
          - update
      - apiGroups:
          - ""
        resources:
          - secrets
        verbs:
          - get
          - list
          - watch
      - apiGroups:
          - ingress.k8s.ngrok.com
        resources:
          - domains
        verbs:
          - create
          - delete
          - get
          - list
          - patch
          - update
          - watch
      - apiGroups:
          - ngrok.k8s.ngrok.com
        resources:
          - agentendpoints
        verbs:
          - get
          - list
          - patch
          - update
          - watch
      - apiGroups:
          - ngrok.k8s.ngrok.com
        resources:
          - agentendpoints/finalizers
        verbs:
          - patch
          - update
      - apiGroups:
          - ngrok.k8s.ngrok.com
        resources:
          - agentendpoints/status
        verbs:
          - get
          - patch
          - update
      - apiGroups:
          - ngrok.k8s.ngrok.com
        resources:
          - ngroktrafficpolicies
        verbs:
          - get
          - list
          - watch
