Should match snapshot:
  1: |
    apiVersion: v1
    kind: ServiceAccount
    metadata:
      labels:
        app.kubernetes.io/component: controller
        app.kubernetes.io/instance: test-release
        app.kubernetes.io/managed-by: Helm
        app.kubernetes.io/name: ngrok-operator
        app.kubernetes.io/part-of: ngrok-operator
        app.kubernetes.io/version: 0.14.3
        helm.sh/chart: ngrok-operator-0.17.0-rc.4
      name: test-release-ngrok-operator-agent
      namespace: test-namespace
