Should match snapshot:
  1: |
    apiVersion: bindings.k8s.ngrok.com/v1alpha1
    kind: BindingConfiguration
    metadata:
      labels:
        app.kubernetes.io/component: bindings
        app.kubernetes.io/instance: RELEASE-NAME
        app.kubernetes.io/managed-by: Helm
        app.kubernetes.io/name: ngrok-operator
        app.kubernetes.io/part-of: ngrok-operator
        app.kubernetes.io/version: 0.12.2
        helm.sh/chart: ngrok-operator-0.15.0
      name: default-configuration
      namespace: NAMESPACE
    spec:
      allowedURLs: null
      description: Created by ngrok-operator
      name: test-1
      projectedMetadata:
        annotations: {}
        labels: {}
      region: null
      tlsSecretName: default-tls
