Should match all-options snapshot:
  1: |
    apiVersion: v1
    data:
      ngrok_operator_manager_config.yml: "release_name: RELEASE-NAME\ndescription: \"The official ngrok Kubernetes Operator.\"\nmetrics_addr: :8080\nprobe_addr: :8081\nserver_addr: \n# feature flags\nenable_feature_ingress: true\nenable_feature_gateway: true\nenable_feature_bindings: false\ndisable_gateway_reference_grants: false\n# api manager config\napi_manager_name: RELEASE-NAME-ngrok-operator-manager\nelection_id: RELEASE-NAME-ngrok-operator-leader\ncluster_domain: svc.cluster.local\napi-url: \ningress_controller_name: k8s.ngrok.com/ingress-controller\none_click_demo_mode: false\nbindings:\n  enabled: false\n  endpoint_selectors: \n  - \"true\"\n  service_annotations: \n  service_labels: \n  ingress_endpoint: kubernetes-binding-ingress.ngrok.io:443\nnamespace: NAMESPACE\nregion: \n# agent config\nagent_manager_name: RELEASE-NAME-ngrok-operator-agent-manager\nroot_cas: \n"
    kind: ConfigMap
    metadata:
      name: RELEASE-NAME-ngrok-operator-combined-config
      namespace: NAMESPACE
  2: |
    apiVersion: apps/v1
    kind: Deployment
    metadata:
      annotations:
        checksum/controller-role: 7a9dd902b42a29f69ffbd6c3b6dddda72b68e4f0ee3af37b60dc4dfd103d4ac4
        checksum/rbac: 5d27f1783f54a2ab8e69f9bfce35eef2348fda3f6455526619973781d9549322
      labels:
        app.kubernetes.io/component: controller
        app.kubernetes.io/instance: RELEASE-NAME
        app.kubernetes.io/managed-by: Helm
        app.kubernetes.io/name: ngrok-operator
        app.kubernetes.io/part-of: ngrok-operator
        app.kubernetes.io/version: 0.16.1
        helm.sh/chart: ngrok-operator-0.18.1
      name: RELEASE-NAME-ngrok-operator-manager
      namespace: NAMESPACE
    spec:
      replicas: 1
      selector:
        matchLabels:
          app.kubernetes.io/component: controller
          app.kubernetes.io/instance: RELEASE-NAME
          app.kubernetes.io/name: ngrok-operator
      template:
        metadata:
          annotations:
            checksum/controller-role: 7a9dd902b42a29f69ffbd6c3b6dddda72b68e4f0ee3af37b60dc4dfd103d4ac4
            checksum/rbac: 5d27f1783f54a2ab8e69f9bfce35eef2348fda3f6455526619973781d9549322
            checksum/secret: 01ba4719c80b6fe911b091a7c05124b64eeece964e09c058ef8f9805daca546b
            prometheus.io/path: /metrics
            prometheus.io/port: "8080"
            prometheus.io/scrape: "true"
          labels:
            app.kubernetes.io/component: controller
            app.kubernetes.io/instance: RELEASE-NAME
            app.kubernetes.io/name: ngrok-operator
        spec:
          affinity:
            nodeAffinity: null
            podAffinity: null
            podAntiAffinity:
              preferredDuringSchedulingIgnoredDuringExecution:
                - podAffinityTerm:
                    labelSelector:
                      matchLabels:
                        app.kubernetes.io/component: controller
                        app.kubernetes.io/instance: RELEASE-NAME
                        app.kubernetes.io/name: ngrok-operator
                    topologyKey: kubernetes.io/hostname
                  weight: 1
          containers:
            - args:
                - api-manager
                - --config=/conf/ngrok_operator_manager_config.yml
                - --zap-log-level=info
                - --zap-stacktrace-level=error
                - --zap-encoder=json
              command:
                - /ngrok-operator
              env:
                - name: NGROK_API_KEY
                  valueFrom:
                    secretKeyRef:
                      key: API_KEY
                      name: RELEASE-NAME-ngrok-operator-credentials
                - name: POD_NAMESPACE
                  valueFrom:
                    fieldRef:
                      fieldPath: metadata.namespace
                - name: HELM_RELEASE_NAME
                  value: RELEASE-NAME
                - name: SECRET_ENV_VAR
                  value:
                    secretKeyRef:
                      key: test-key
                    value: test-value
                - name: TEST_ENV_VAR
                  value: test
              image: docker.io/ngrok/ngrok-operator:0.16.1
              imagePullPolicy: IfNotPresent
              livenessProbe:
                httpGet:
                  path: /healthz
                  port: 8081
                initialDelaySeconds: 15
                periodSeconds: 20
              name: ngrok-operator
              readinessProbe:
                httpGet:
                  path: /readyz
                  port: 8081
                initialDelaySeconds: 5
                periodSeconds: 10
              resources:
                limits: {}
                requests: {}
              securityContext:
                allowPrivilegeEscalation: false
              volumeMounts:
                - mountPath: /conf
                  name: RELEASE-NAME-ngrok-operator-combined-config
                - mountPath: /test-volume
                  name: test-volume
          serviceAccountName: RELEASE-NAME-ngrok-operator
          volumes:
            - configMap:
                name: RELEASE-NAME-ngrok-operator-combined-config
              name: RELEASE-NAME-ngrok-operator-combined-config
            - emptyDir: {}
              name: test-volume
  3: |
    apiVersion: rbac.authorization.k8s.io/v1
    kind: Role
    metadata:
      name: ngrok-operator-leader-election-role
      namespace: NAMESPACE
    rules:
      - apiGroups:
          - ""
        resources:
          - configmaps
        verbs:
          - get
          - list
          - watch
          - create
          - update
          - patch
          - delete
      - apiGroups:
          - coordination.k8s.io
        resources:
          - leases
        verbs:
          - get
          - list
          - watch
          - create
          - update
          - patch
          - delete
      - apiGroups:
          - ""
        resources:
          - events
        verbs:
          - create
          - patch
  4: |
    apiVersion: rbac.authorization.k8s.io/v1
    kind: ClusterRole
    metadata:
      name: ngrok-operator-proxy-role
    rules:
      - apiGroups:
          - authentication.k8s.io
        resources:
          - tokenreviews
        verbs:
          - create
      - apiGroups:
          - authorization.k8s.io
        resources:
          - subjectaccessreviews
        verbs:
          - create
  5: |
    apiVersion: rbac.authorization.k8s.io/v1
    kind: RoleBinding
    metadata:
      name: ngrok-operator-leader-election-rolebinding
      namespace: NAMESPACE
    roleRef:
      apiGroup: rbac.authorization.k8s.io
      kind: Role
      name: ngrok-operator-leader-election-role
    subjects:
      - kind: ServiceAccount
        name: RELEASE-NAME-ngrok-operator
        namespace: NAMESPACE
  6: |
    apiVersion: rbac.authorization.k8s.io/v1
    kind: ClusterRoleBinding
    metadata:
      name: ngrok-operator-manager-rolebinding
    roleRef:
      apiGroup: rbac.authorization.k8s.io
      kind: ClusterRole
      name: ngrok-operator-manager-role
    subjects:
      - kind: ServiceAccount
        name: RELEASE-NAME-ngrok-operator
        namespace: NAMESPACE
  7: |
    apiVersion: rbac.authorization.k8s.io/v1
    kind: ClusterRoleBinding
    metadata:
      name: ngrok-operator-proxy-rolebinding
    roleRef:
      apiGroup: rbac.authorization.k8s.io
      kind: ClusterRole
      name: ngrok-operator-proxy-role
    subjects:
      - kind: ServiceAccount
        name: RELEASE-NAME-ngrok-operator
        namespace: NAMESPACE
  8: |
    apiVersion: rbac.authorization.k8s.io/v1
    kind: ClusterRole
    metadata:
      name: ngrok-operator-manager-role
    rules:
      - apiGroups:
          - ""
        resources:
          - configmaps
        verbs:
          - create
          - delete
          - get
          - list
          - update
          - watch
      - apiGroups:
          - ""
        resources:
          - events
        verbs:
          - create
          - patch
      - apiGroups:
          - ""
        resources:
          - namespaces
        verbs:
          - get
          - list
          - update
          - watch
      - apiGroups:
          - ""
        resources:
          - secrets
        verbs:
          - get
          - list
          - watch
      - apiGroups:
          - ""
        resources:
          - services
        verbs:
          - get
          - list
          - update
          - watch
      - apiGroups:
          - ""
        resources:
          - services/status
        verbs:
          - get
          - list
          - patch
          - update
          - watch
      - apiGroups:
          - bindings.k8s.ngrok.com
        resources:
          - boundendpoints
        verbs:
          - create
          - delete
          - get
          - list
          - patch
          - update
          - watch
      - apiGroups:
          - bindings.k8s.ngrok.com
        resources:
          - boundendpoints/finalizers
        verbs:
          - update
      - apiGroups:
          - bindings.k8s.ngrok.com
        resources:
          - boundendpoints/status
        verbs:
          - get
          - patch
          - update
      - apiGroups:
          - ""
        resources:
          - services
        verbs:
          - create
          - delete
          - get
          - list
          - update
          - watch
      - apiGroups:
          - gateway.networking.k8s.io
        resources:
          - gatewayclasses
        verbs:
          - get
          - list
          - patch
          - update
          - watch
      - apiGroups:
          - gateway.networking.k8s.io
        resources:
          - gatewayclasses/finalizers
        verbs:
          - patch
          - update
      - apiGroups:
          - gateway.networking.k8s.io
        resources:
          - gatewayclasses/status
        verbs:
          - get
          - list
          - patch
          - update
          - watch
      - apiGroups:
          - gateway.networking.k8s.io
        resources:
          - gateways
        verbs:
          - get
          - list
          - update
          - watch
      - apiGroups:
          - gateway.networking.k8s.io
        resources:
          - gateways/status
        verbs:
          - get
          - list
          - update
          - watch
      - apiGroups:
          - gateway.networking.k8s.io
        resources:
          - httproutes
        verbs:
          - get
          - list
          - update
          - watch
      - apiGroups:
          - gateway.networking.k8s.io
        resources:
          - httproutes/status
        verbs:
          - get
          - list
          - update
          - watch
      - apiGroups:
          - gateway.networking.k8s.io
        resources:
          - referencegrants
        verbs:
          - get
          - list
          - watch
      - apiGroups:
          - gateway.networking.k8s.io
        resources:
          - tcproutes
        verbs:
          - get
          - list
          - update
          - watch
      - apiGroups:
          - gateway.networking.k8s.io
        resources:
          - tcproutes/status
        verbs:
          - get
          - list
          - update
          - watch
      - apiGroups:
          - gateway.networking.k8s.io
        resources:
          - tlsroutes
        verbs:
          - get
          - list
          - update
          - watch
      - apiGroups:
          - gateway.networking.k8s.io
        resources:
          - tlsroutes/status
        verbs:
          - get
          - list
          - update
          - watch
      - apiGroups:
          - ingress.k8s.ngrok.com
        resources:
          - domains
        verbs:
          - create
          - delete
          - get
          - list
          - patch
          - update
          - watch
      - apiGroups:
          - ingress.k8s.ngrok.com
        resources:
          - domains/finalizers
        verbs:
          - update
      - apiGroups:
          - ingress.k8s.ngrok.com
        resources:
          - domains/status
        verbs:
          - get
          - patch
          - update
      - apiGroups:
          - ingress.k8s.ngrok.com
        resources:
          - httpsedges
        verbs:
          - create
          - delete
          - get
          - list
          - patch
          - update
          - watch
      - apiGroups:
          - ingress.k8s.ngrok.com
        resources:
          - httpsedges/finalizers
        verbs:
          - update
      - apiGroups:
          - ingress.k8s.ngrok.com
        resources:
          - httpsedges/status
        verbs:
          - get
          - patch
          - update
      - apiGroups:
          - ingress.k8s.ngrok.com
        resources:
          - ippolicies
        verbs:
          - create
          - delete
          - get
          - list
          - patch
          - update
          - watch
      - apiGroups:
          - ingress.k8s.ngrok.com
        resources:
          - ippolicies/finalizers
        verbs:
          - update
      - apiGroups:
          - ingress.k8s.ngrok.com
        resources:
          - ippolicies/status
        verbs:
          - get
          - patch
          - update
      - apiGroups:
          - ingress.k8s.ngrok.com
        resources:
          - ngrokmodulesets
        verbs:
          - get
          - list
          - watch
      - apiGroups:
          - ingress.k8s.ngrok.com
        resources:
          - tcpedges
        verbs:
          - create
          - delete
          - get
          - list
          - patch
          - update
          - watch
      - apiGroups:
          - ingress.k8s.ngrok.com
        resources:
          - tcpedges/finalizers
        verbs:
          - update
      - apiGroups:
          - ingress.k8s.ngrok.com
        resources:
          - tcpedges/status
        verbs:
          - get
          - patch
          - update
      - apiGroups:
          - ingress.k8s.ngrok.com
        resources:
          - tlsedges
        verbs:
          - create
          - delete
          - get
          - list
          - patch
          - update
          - watch
      - apiGroups:
          - ingress.k8s.ngrok.com
        resources:
          - tlsedges/finalizers
        verbs:
          - update
      - apiGroups:
          - ingress.k8s.ngrok.com
        resources:
          - tlsedges/status
        verbs:
          - get
          - patch
          - update
      - apiGroups:
          - ingress.k8s.ngrok.com
        resources:
          - tunnels
        verbs:
          - create
          - delete
          - get
          - list
          - patch
          - update
          - watch
      - apiGroups:
          - ingress.k8s.ngrok.com
        resources:
          - tunnels/finalizers
        verbs:
          - update
      - apiGroups:
          - ingress.k8s.ngrok.com
        resources:
          - tunnels/status
        verbs:
          - get
          - patch
          - update
      - apiGroups:
          - networking.k8s.io
        resources:
          - ingressclasses
        verbs:
          - get
          - list
          - watch
      - apiGroups:
          - networking.k8s.io
        resources:
          - ingresses
        verbs:
          - get
          - list
          - update
          - watch
      - apiGroups:
          - networking.k8s.io
        resources:
          - ingresses/status
        verbs:
          - get
          - list
          - update
          - watch
      - apiGroups:
          - ngrok.k8s.ngrok.com
        resources:
          - agentendpoints
        verbs:
          - create
          - delete
          - get
          - list
          - patch
          - update
          - watch
      - apiGroups:
          - ngrok.k8s.ngrok.com
        resources:
          - agentendpoints/finalizers
        verbs:
          - update
      - apiGroups:
          - ngrok.k8s.ngrok.com
        resources:
          - agentendpoints/status
        verbs:
          - get
          - patch
          - update
      - apiGroups:
          - ngrok.k8s.ngrok.com
        resources:
          - cloudendpoints
        verbs:
          - create
          - delete
          - get
          - list
          - patch
          - update
          - watch
      - apiGroups:
          - ngrok.k8s.ngrok.com
        resources:
          - cloudendpoints/finalizers
        verbs:
          - update
      - apiGroups:
          - ngrok.k8s.ngrok.com
        resources:
          - cloudendpoints/status
        verbs:
          - get
          - patch
          - update
      - apiGroups:
          - ngrok.k8s.ngrok.com
        resources:
          - kubernetesoperators
        verbs:
          - create
          - delete
          - get
          - list
          - patch
          - update
          - watch
      - apiGroups:
          - ngrok.k8s.ngrok.com
        resources:
          - kubernetesoperators/finalizers
        verbs:
          - update
      - apiGroups:
          - ngrok.k8s.ngrok.com
        resources:
          - kubernetesoperators/status
        verbs:
          - get
          - patch
          - update
      - apiGroups:
          - ngrok.k8s.ngrok.com
        resources:
          - ngroktrafficpolicies
        verbs:
          - create
          - delete
          - get
          - list
          - patch
          - update
          - watch
      - apiGroups:
          - ngrok.k8s.ngrok.com
        resources:
          - ngroktrafficpolicies/finalizers
        verbs:
          - update
      - apiGroups:
          - ngrok.k8s.ngrok.com
        resources:
          - ngroktrafficpolicies/status
        verbs:
          - get
          - patch
          - update
Should match default snapshot:
  1: |
    apiVersion: v1
    data:
      ngrok_operator_manager_config.yml: "release_name: RELEASE-NAME\ndescription: \"The official ngrok Kubernetes Operator.\"\nmetrics_addr: :8080\nprobe_addr: :8081\nserver_addr: \n# feature flags\nenable_feature_ingress: true\nenable_feature_gateway: true\nenable_feature_bindings: false\ndisable_gateway_reference_grants: false\n# api manager config\napi_manager_name: RELEASE-NAME-ngrok-operator-manager\nelection_id: RELEASE-NAME-ngrok-operator-leader\ncluster_domain: svc.cluster.local\napi-url: \ningress_controller_name: k8s.ngrok.com/ingress-controller\none_click_demo_mode: false\nbindings:\n  enabled: false\n  endpoint_selectors: \n  - \"true\"\n  service_annotations: \n  service_labels: \n  ingress_endpoint: kubernetes-binding-ingress.ngrok.io:443\nnamespace: NAMESPACE\nregion: \n# agent config\nagent_manager_name: RELEASE-NAME-ngrok-operator-agent-manager\nroot_cas: \n"
    kind: ConfigMap
    metadata:
      name: RELEASE-NAME-ngrok-operator-combined-config
      namespace: NAMESPACE
  2: |
    apiVersion: apps/v1
    kind: Deployment
    metadata:
      annotations:
        checksum/controller-role: 7a9dd902b42a29f69ffbd6c3b6dddda72b68e4f0ee3af37b60dc4dfd103d4ac4
        checksum/rbac: 5d27f1783f54a2ab8e69f9bfce35eef2348fda3f6455526619973781d9549322
      labels:
        app.kubernetes.io/component: controller
        app.kubernetes.io/instance: RELEASE-NAME
        app.kubernetes.io/managed-by: Helm
        app.kubernetes.io/name: ngrok-operator
        app.kubernetes.io/part-of: ngrok-operator
        app.kubernetes.io/version: 0.16.1
        helm.sh/chart: ngrok-operator-0.18.1
      name: RELEASE-NAME-ngrok-operator-manager
      namespace: NAMESPACE
    spec:
      replicas: 1
      selector:
        matchLabels:
          app.kubernetes.io/component: controller
          app.kubernetes.io/instance: RELEASE-NAME
          app.kubernetes.io/name: ngrok-operator
      template:
        metadata:
          annotations:
            checksum/controller-role: 7a9dd902b42a29f69ffbd6c3b6dddda72b68e4f0ee3af37b60dc4dfd103d4ac4
            checksum/rbac: 5d27f1783f54a2ab8e69f9bfce35eef2348fda3f6455526619973781d9549322
            checksum/secret: 01ba4719c80b6fe911b091a7c05124b64eeece964e09c058ef8f9805daca546b
            prometheus.io/path: /metrics
            prometheus.io/port: "8080"
            prometheus.io/scrape: "true"
          labels:
            app.kubernetes.io/component: controller
            app.kubernetes.io/instance: RELEASE-NAME
            app.kubernetes.io/name: ngrok-operator
        spec:
          affinity:
            nodeAffinity: null
            podAffinity: null
            podAntiAffinity:
              preferredDuringSchedulingIgnoredDuringExecution:
                - podAffinityTerm:
                    labelSelector:
                      matchLabels:
                        app.kubernetes.io/component: controller
                        app.kubernetes.io/instance: RELEASE-NAME
                        app.kubernetes.io/name: ngrok-operator
                    topologyKey: kubernetes.io/hostname
                  weight: 1
          containers:
            - args:
                - api-manager
                - --config=/conf/ngrok_operator_manager_config.yml
                - --zap-log-level=info
                - --zap-stacktrace-level=error
                - --zap-encoder=json
              command:
                - /ngrok-operator
              env:
                - name: NGROK_API_KEY
                  valueFrom:
                    secretKeyRef:
                      key: API_KEY
                      name: RELEASE-NAME-ngrok-operator-credentials
                - name: POD_NAMESPACE
                  valueFrom:
                    fieldRef:
                      fieldPath: metadata.namespace
                - name: HELM_RELEASE_NAME
                  value: RELEASE-NAME
              image: docker.io/ngrok/ngrok-operator:0.16.1
              imagePullPolicy: IfNotPresent
              livenessProbe:
                httpGet:
                  path: /healthz
                  port: 8081
                initialDelaySeconds: 15
                periodSeconds: 20
              name: ngrok-operator
              readinessProbe:
                httpGet:
                  path: /readyz
                  port: 8081
                initialDelaySeconds: 5
                periodSeconds: 10
              resources:
                limits: {}
                requests: {}
              securityContext:
                allowPrivilegeEscalation: false
              volumeMounts:
                - mountPath: /conf
                  name: RELEASE-NAME-ngrok-operator-combined-config
          serviceAccountName: RELEASE-NAME-ngrok-operator
          volumes:
            - configMap:
                name: RELEASE-NAME-ngrok-operator-combined-config
              name: RELEASE-NAME-ngrok-operator-combined-config
  3: |
    apiVersion: rbac.authorization.k8s.io/v1
    kind: Role
    metadata:
      name: ngrok-operator-leader-election-role
      namespace: NAMESPACE
    rules:
      - apiGroups:
          - ""
        resources:
          - configmaps
        verbs:
          - get
          - list
          - watch
          - create
          - update
          - patch
          - delete
      - apiGroups:
          - coordination.k8s.io
        resources:
          - leases
        verbs:
          - get
          - list
          - watch
          - create
          - update
          - patch
          - delete
      - apiGroups:
          - ""
        resources:
          - events
        verbs:
          - create
          - patch
  4: |
    apiVersion: rbac.authorization.k8s.io/v1
    kind: ClusterRole
    metadata:
      name: ngrok-operator-proxy-role
    rules:
      - apiGroups:
          - authentication.k8s.io
        resources:
          - tokenreviews
        verbs:
          - create
      - apiGroups:
          - authorization.k8s.io
        resources:
          - subjectaccessreviews
        verbs:
          - create
  5: |
    apiVersion: rbac.authorization.k8s.io/v1
    kind: RoleBinding
    metadata:
      name: ngrok-operator-leader-election-rolebinding
      namespace: NAMESPACE
    roleRef:
      apiGroup: rbac.authorization.k8s.io
      kind: Role
      name: ngrok-operator-leader-election-role
    subjects:
      - kind: ServiceAccount
        name: RELEASE-NAME-ngrok-operator
        namespace: NAMESPACE
  6: |
    apiVersion: rbac.authorization.k8s.io/v1
    kind: ClusterRoleBinding
    metadata:
      name: ngrok-operator-manager-rolebinding
    roleRef:
      apiGroup: rbac.authorization.k8s.io
      kind: ClusterRole
      name: ngrok-operator-manager-role
    subjects:
      - kind: ServiceAccount
        name: RELEASE-NAME-ngrok-operator
        namespace: NAMESPACE
  7: |
    apiVersion: rbac.authorization.k8s.io/v1
    kind: ClusterRoleBinding
    metadata:
      name: ngrok-operator-proxy-rolebinding
    roleRef:
      apiGroup: rbac.authorization.k8s.io
      kind: ClusterRole
      name: ngrok-operator-proxy-role
    subjects:
      - kind: ServiceAccount
        name: RELEASE-NAME-ngrok-operator
        namespace: NAMESPACE
  8: |
    apiVersion: rbac.authorization.k8s.io/v1
    kind: ClusterRole
    metadata:
      name: ngrok-operator-manager-role
    rules:
      - apiGroups:
          - ""
        resources:
          - configmaps
        verbs:
          - create
          - delete
          - get
          - list
          - update
          - watch
      - apiGroups:
          - ""
        resources:
          - events
        verbs:
          - create
          - patch
      - apiGroups:
          - ""
        resources:
          - namespaces
        verbs:
          - get
          - list
          - update
          - watch
      - apiGroups:
          - ""
        resources:
          - secrets
        verbs:
          - get
          - list
          - watch
      - apiGroups:
          - ""
        resources:
          - services
        verbs:
          - get
          - list
          - update
          - watch
      - apiGroups:
          - ""
        resources:
          - services/status
        verbs:
          - get
          - list
          - patch
          - update
          - watch
      - apiGroups:
          - bindings.k8s.ngrok.com
        resources:
          - boundendpoints
        verbs:
          - create
          - delete
          - get
          - list
          - patch
          - update
          - watch
      - apiGroups:
          - bindings.k8s.ngrok.com
        resources:
          - boundendpoints/finalizers
        verbs:
          - update
      - apiGroups:
          - bindings.k8s.ngrok.com
        resources:
          - boundendpoints/status
        verbs:
          - get
          - patch
          - update
      - apiGroups:
          - ""
        resources:
          - services
        verbs:
          - create
          - delete
          - get
          - list
          - update
          - watch
      - apiGroups:
          - gateway.networking.k8s.io
        resources:
          - gatewayclasses
        verbs:
          - get
          - list
          - patch
          - update
          - watch
      - apiGroups:
          - gateway.networking.k8s.io
        resources:
          - gatewayclasses/finalizers
        verbs:
          - patch
          - update
      - apiGroups:
          - gateway.networking.k8s.io
        resources:
          - gatewayclasses/status
        verbs:
          - get
          - list
          - patch
          - update
          - watch
      - apiGroups:
          - gateway.networking.k8s.io
        resources:
          - gateways
        verbs:
          - get
          - list
          - update
          - watch
      - apiGroups:
          - gateway.networking.k8s.io
        resources:
          - gateways/status
        verbs:
          - get
          - list
          - update
          - watch
      - apiGroups:
          - gateway.networking.k8s.io
        resources:
          - httproutes
        verbs:
          - get
          - list
          - update
          - watch
      - apiGroups:
          - gateway.networking.k8s.io
        resources:
          - httproutes/status
        verbs:
          - get
          - list
          - update
          - watch
      - apiGroups:
          - gateway.networking.k8s.io
        resources:
          - referencegrants
        verbs:
          - get
          - list
          - watch
      - apiGroups:
          - gateway.networking.k8s.io
        resources:
          - tcproutes
        verbs:
          - get
          - list
          - update
          - watch
      - apiGroups:
          - gateway.networking.k8s.io
        resources:
          - tcproutes/status
        verbs:
          - get
          - list
          - update
          - watch
      - apiGroups:
          - gateway.networking.k8s.io
        resources:
          - tlsroutes
        verbs:
          - get
          - list
          - update
          - watch
      - apiGroups:
          - gateway.networking.k8s.io
        resources:
          - tlsroutes/status
        verbs:
          - get
          - list
          - update
          - watch
      - apiGroups:
          - ingress.k8s.ngrok.com
        resources:
          - domains
        verbs:
          - create
          - delete
          - get
          - list
          - patch
          - update
          - watch
      - apiGroups:
          - ingress.k8s.ngrok.com
        resources:
          - domains/finalizers
        verbs:
          - update
      - apiGroups:
          - ingress.k8s.ngrok.com
        resources:
          - domains/status
        verbs:
          - get
          - patch
          - update
      - apiGroups:
          - ingress.k8s.ngrok.com
        resources:
          - httpsedges
        verbs:
          - create
          - delete
          - get
          - list
          - patch
          - update
          - watch
      - apiGroups:
          - ingress.k8s.ngrok.com
        resources:
          - httpsedges/finalizers
        verbs:
          - update
      - apiGroups:
          - ingress.k8s.ngrok.com
        resources:
          - httpsedges/status
        verbs:
          - get
          - patch
          - update
      - apiGroups:
          - ingress.k8s.ngrok.com
        resources:
          - ippolicies
        verbs:
          - create
          - delete
          - get
          - list
          - patch
          - update
          - watch
      - apiGroups:
          - ingress.k8s.ngrok.com
        resources:
          - ippolicies/finalizers
        verbs:
          - update
      - apiGroups:
          - ingress.k8s.ngrok.com
        resources:
          - ippolicies/status
        verbs:
          - get
          - patch
          - update
      - apiGroups:
          - ingress.k8s.ngrok.com
        resources:
          - ngrokmodulesets
        verbs:
          - get
          - list
          - watch
      - apiGroups:
          - ingress.k8s.ngrok.com
        resources:
          - tcpedges
        verbs:
          - create
          - delete
          - get
          - list
          - patch
          - update
          - watch
      - apiGroups:
          - ingress.k8s.ngrok.com
        resources:
          - tcpedges/finalizers
        verbs:
          - update
      - apiGroups:
          - ingress.k8s.ngrok.com
        resources:
          - tcpedges/status
        verbs:
          - get
          - patch
          - update
      - apiGroups:
          - ingress.k8s.ngrok.com
        resources:
          - tlsedges
        verbs:
          - create
          - delete
          - get
          - list
          - patch
          - update
          - watch
      - apiGroups:
          - ingress.k8s.ngrok.com
        resources:
          - tlsedges/finalizers
        verbs:
          - update
      - apiGroups:
          - ingress.k8s.ngrok.com
        resources:
          - tlsedges/status
        verbs:
          - get
          - patch
          - update
      - apiGroups:
          - ingress.k8s.ngrok.com
        resources:
          - tunnels
        verbs:
          - create
          - delete
          - get
          - list
          - patch
          - update
          - watch
      - apiGroups:
          - ingress.k8s.ngrok.com
        resources:
          - tunnels/finalizers
        verbs:
          - update
      - apiGroups:
          - ingress.k8s.ngrok.com
        resources:
          - tunnels/status
        verbs:
          - get
          - patch
          - update
      - apiGroups:
          - networking.k8s.io
        resources:
          - ingressclasses
        verbs:
          - get
          - list
          - watch
      - apiGroups:
          - networking.k8s.io
        resources:
          - ingresses
        verbs:
          - get
          - list
          - update
          - watch
      - apiGroups:
          - networking.k8s.io
        resources:
          - ingresses/status
        verbs:
          - get
          - list
          - update
          - watch
      - apiGroups:
          - ngrok.k8s.ngrok.com
        resources:
          - agentendpoints
        verbs:
          - create
          - delete
          - get
          - list
          - patch
          - update
          - watch
      - apiGroups:
          - ngrok.k8s.ngrok.com
        resources:
          - agentendpoints/finalizers
        verbs:
          - update
      - apiGroups:
          - ngrok.k8s.ngrok.com
        resources:
          - agentendpoints/status
        verbs:
          - get
          - patch
          - update
      - apiGroups:
          - ngrok.k8s.ngrok.com
        resources:
          - cloudendpoints
        verbs:
          - create
          - delete
          - get
          - list
          - patch
          - update
          - watch
      - apiGroups:
          - ngrok.k8s.ngrok.com
        resources:
          - cloudendpoints/finalizers
        verbs:
          - update
      - apiGroups:
          - ngrok.k8s.ngrok.com
        resources:
          - cloudendpoints/status
        verbs:
          - get
          - patch
          - update
      - apiGroups:
          - ngrok.k8s.ngrok.com
        resources:
          - kubernetesoperators
        verbs:
          - create
          - delete
          - get
          - list
          - patch
          - update
          - watch
      - apiGroups:
          - ngrok.k8s.ngrok.com
        resources:
          - kubernetesoperators/finalizers
        verbs:
          - update
      - apiGroups:
          - ngrok.k8s.ngrok.com
        resources:
          - kubernetesoperators/status
        verbs:
          - get
          - patch
          - update
      - apiGroups:
          - ngrok.k8s.ngrok.com
        resources:
          - ngroktrafficpolicies
        verbs:
          - create
          - delete
          - get
          - list
          - patch
          - update
          - watch
      - apiGroups:
          - ngrok.k8s.ngrok.com
        resources:
          - ngroktrafficpolicies/finalizers
        verbs:
          - update
      - apiGroups:
          - ngrok.k8s.ngrok.com
        resources:
          - ngroktrafficpolicies/status
        verbs:
          - get
          - patch
          - update
