Should match snapshot:
  1: |
    apiVersion: rbac.authorization.k8s.io/v1
    kind: Role
    metadata:
      name: RELEASE-NAME-ngrok-operator-leader-election-role
      namespace: NAMESPACE
    rules:
      - apiGroups:
          - ""
        resources:
          - configmaps
        verbs:
          - get
          - list
          - watch
          - create
          - update
          - patch
          - delete
      - apiGroups:
          - coordination.k8s.io
        resources:
          - leases
        verbs:
          - get
          - list
          - watch
          - create
          - update
          - patch
          - delete
      - apiGroups:
          - ""
        resources:
          - events
        verbs:
          - create
          - patch
  2: |
    apiVersion: rbac.authorization.k8s.io/v1
    kind: ClusterRole
    metadata:
      name: RELEASE-NAME-ngrok-operator-proxy-role
    rules:
      - apiGroups:
          - authentication.k8s.io
        resources:
          - tokenreviews
        verbs:
          - create
      - apiGroups:
          - authorization.k8s.io
        resources:
          - subjectaccessreviews
        verbs:
          - create
  3: |
    apiVersion: rbac.authorization.k8s.io/v1
    kind: RoleBinding
    metadata:
      name: RELEASE-NAME-ngrok-operator-leader-election-rolebinding
      namespace: NAMESPACE
    roleRef:
      apiGroup: rbac.authorization.k8s.io
      kind: Role
      name: RELEASE-NAME-ngrok-operator-leader-election-role
    subjects:
      - kind: ServiceAccount
        name: RELEASE-NAME-ngrok-operator
        namespace: NAMESPACE
  4: |
    apiVersion: rbac.authorization.k8s.io/v1
    kind: ClusterRoleBinding
    metadata:
      name: RELEASE-NAME-ngrok-operator-manager-rolebinding
    roleRef:
      apiGroup: rbac.authorization.k8s.io
      kind: ClusterRole
      name: RELEASE-NAME-ngrok-operator-manager-role
    subjects:
      - kind: ServiceAccount
        name: RELEASE-NAME-ngrok-operator
        namespace: NAMESPACE
  5: |
    apiVersion: rbac.authorization.k8s.io/v1
    kind: ClusterRoleBinding
    metadata:
      name: RELEASE-NAME-ngrok-operator-proxy-rolebinding
    roleRef:
      apiGroup: rbac.authorization.k8s.io
      kind: ClusterRole
      name: RELEASE-NAME-ngrok-operator-proxy-role
    subjects:
      - kind: ServiceAccount
        name: RELEASE-NAME-ngrok-operator
        namespace: NAMESPACE
