should match snapshot with defaults:
  1: |
    apiVersion: rbac.authorization.k8s.io/v1
    kind: ClusterRole
    metadata:
      labels:
        app.kubernetes.io/component: rbac
        app.kubernetes.io/instance: RELEASE-NAME
        app.kubernetes.io/managed-by: Helm
        app.kubernetes.io/name: ngrok-operator
        app.kubernetes.io/part-of: ngrok-operator
        app.kubernetes.io/version: 0.21.0-rc.1
        helm.sh/chart: ngrok-operator-0.23.0-rc.1
      name: RELEASE-NAME-ngrok-operator-agentendpoint-editor-role
    rules:
      - apiGroups:
          - ngrok.k8s.ngrok.com
        resources:
          - agentendpoints
        verbs:
          - create
          - delete
          - get
          - list
          - patch
          - update
          - watch
      - apiGroups:
          - ngrok.k8s.ngrok.com
        resources:
          - agentendpoints/status
        verbs:
          - get
  2: |
    apiVersion: rbac.authorization.k8s.io/v1
    kind: ClusterRole
    metadata:
      labels:
        app.kubernetes.io/component: rbac
        app.kubernetes.io/instance: RELEASE-NAME
        app.kubernetes.io/managed-by: Helm
        app.kubernetes.io/name: ngrok-operator
        app.kubernetes.io/part-of: ngrok-operator
        app.kubernetes.io/version: 0.21.0-rc.1
        helm.sh/chart: ngrok-operator-0.23.0-rc.1
      name: RELEASE-NAME-ngrok-operator-agentendpoint-viewer-role
    rules:
      - apiGroups:
          - ngrok.k8s.ngrok.com
        resources:
          - agentendpoints
        verbs:
          - get
          - list
          - watch
      - apiGroups:
          - ngrok.k8s.ngrok.com
        resources:
          - agentendpoints/status
        verbs:
          - get
  3: |
    apiVersion: rbac.authorization.k8s.io/v1
    kind: ClusterRole
    metadata:
      labels:
        app.kubernetes.io/component: rbac
        app.kubernetes.io/instance: RELEASE-NAME
        app.kubernetes.io/managed-by: Helm
        app.kubernetes.io/name: ngrok-operator
        app.kubernetes.io/part-of: ngrok-operator
        app.kubernetes.io/version: 0.21.0-rc.1
        helm.sh/chart: ngrok-operator-0.23.0-rc.1
      name: RELEASE-NAME-ngrok-operator-boundendpoint-editor-role
    rules:
      - apiGroups:
          - bindings.k8s.ngrok.com
        resources:
          - boundendpoints
        verbs:
          - create
          - delete
          - get
          - list
          - patch
          - update
          - watch
      - apiGroups:
          - bindings.k8s.ngrok.com
        resources:
          - boundendpoints/status
        verbs:
          - get
  4: |
    apiVersion: rbac.authorization.k8s.io/v1
    kind: ClusterRole
    metadata:
      labels:
        app.kubernetes.io/component: rbac
        app.kubernetes.io/instance: RELEASE-NAME
        app.kubernetes.io/managed-by: Helm
        app.kubernetes.io/name: ngrok-operator
        app.kubernetes.io/part-of: ngrok-operator
        app.kubernetes.io/version: 0.21.0-rc.1
        helm.sh/chart: ngrok-operator-0.23.0-rc.1
      name: RELEASE-NAME-ngrok-operator-boundendpoint-viewer-role
    rules:
      - apiGroups:
          - bindings.k8s.ngrok.com
        resources:
          - boundendpoints
        verbs:
          - get
          - list
          - watch
      - apiGroups:
          - bindings.k8s.ngrok.com
        resources:
          - boundendpoints/status
        verbs:
          - get
  5: |
    apiVersion: rbac.authorization.k8s.io/v1
    kind: ClusterRole
    metadata:
      labels:
        app.kubernetes.io/component: rbac
        app.kubernetes.io/instance: RELEASE-NAME
        app.kubernetes.io/managed-by: Helm
        app.kubernetes.io/name: ngrok-operator
        app.kubernetes.io/part-of: ngrok-operator
        app.kubernetes.io/version: 0.21.0-rc.1
        helm.sh/chart: ngrok-operator-0.23.0-rc.1
      name: RELEASE-NAME-ngrok-operator-cloudendpoint-editor-role
    rules:
      - apiGroups:
          - ngrok.k8s.ngrok.com
        resources:
          - cloudendpoints
        verbs:
          - create
          - delete
          - get
          - list
          - patch
          - update
          - watch
      - apiGroups:
          - ngrok.k8s.ngrok.com
        resources:
          - cloudendpoints/status
        verbs:
          - get
  6: |
    apiVersion: rbac.authorization.k8s.io/v1
    kind: ClusterRole
    metadata:
      labels:
        app.kubernetes.io/component: rbac
        app.kubernetes.io/instance: RELEASE-NAME
        app.kubernetes.io/managed-by: Helm
        app.kubernetes.io/name: ngrok-operator
        app.kubernetes.io/part-of: ngrok-operator
        app.kubernetes.io/version: 0.21.0-rc.1
        helm.sh/chart: ngrok-operator-0.23.0-rc.1
      name: RELEASE-NAME-ngrok-operator-cloudendpoint-viewer-role
    rules:
      - apiGroups:
          - ngrok.k8s.ngrok.com
        resources:
          - cloudendpoints
        verbs:
          - get
          - list
          - watch
      - apiGroups:
          - ngrok.k8s.ngrok.com
        resources:
          - cloudendpoints/status
        verbs:
          - get
  7: |
    apiVersion: rbac.authorization.k8s.io/v1
    kind: ClusterRole
    metadata:
      labels:
        app.kubernetes.io/component: rbac
        app.kubernetes.io/instance: RELEASE-NAME
        app.kubernetes.io/managed-by: Helm
        app.kubernetes.io/name: ngrok-operator
        app.kubernetes.io/part-of: ngrok-operator
        app.kubernetes.io/version: 0.21.0-rc.1
        helm.sh/chart: ngrok-operator-0.23.0-rc.1
      name: RELEASE-NAME-ngrok-operator-domain-editor-role
    rules:
      - apiGroups:
          - ingress.k8s.ngrok.com
        resources:
          - domains
        verbs:
          - create
          - delete
          - get
          - list
          - patch
          - update
          - watch
      - apiGroups:
          - ingress.k8s.ngrok.com
        resources:
          - domains/status
        verbs:
          - get
  8: |
    apiVersion: rbac.authorization.k8s.io/v1
    kind: ClusterRole
    metadata:
      labels:
        app.kubernetes.io/component: rbac
        app.kubernetes.io/instance: RELEASE-NAME
        app.kubernetes.io/managed-by: Helm
        app.kubernetes.io/name: ngrok-operator
        app.kubernetes.io/part-of: ngrok-operator
        app.kubernetes.io/version: 0.21.0-rc.1
        helm.sh/chart: ngrok-operator-0.23.0-rc.1
      name: RELEASE-NAME-ngrok-operator-domain-viewer-role
    rules:
      - apiGroups:
          - ingress.k8s.ngrok.com
        resources:
          - domains
        verbs:
          - get
          - list
          - watch
      - apiGroups:
          - ingress.k8s.ngrok.com
        resources:
          - domains/status
        verbs:
          - get
  9: |
    apiVersion: rbac.authorization.k8s.io/v1
    kind: ClusterRole
    metadata:
      labels:
        app.kubernetes.io/component: rbac
        app.kubernetes.io/instance: RELEASE-NAME
        app.kubernetes.io/managed-by: Helm
        app.kubernetes.io/name: ngrok-operator
        app.kubernetes.io/part-of: ngrok-operator
        app.kubernetes.io/version: 0.21.0-rc.1
        helm.sh/chart: ngrok-operator-0.23.0-rc.1
      name: RELEASE-NAME-ngrok-operator-ippolicy-editor-role
    rules:
      - apiGroups:
          - ingress.k8s.ngrok.com
        resources:
          - ippolicies
        verbs:
          - create
          - delete
          - get
          - list
          - patch
          - update
          - watch
      - apiGroups:
          - ingress.k8s.ngrok.com
        resources:
          - ippolicies/status
        verbs:
          - get
  10: |
    apiVersion: rbac.authorization.k8s.io/v1
    kind: ClusterRole
    metadata:
      labels:
        app.kubernetes.io/component: rbac
        app.kubernetes.io/instance: RELEASE-NAME
        app.kubernetes.io/managed-by: Helm
        app.kubernetes.io/name: ngrok-operator
        app.kubernetes.io/part-of: ngrok-operator
        app.kubernetes.io/version: 0.21.0-rc.1
        helm.sh/chart: ngrok-operator-0.23.0-rc.1
      name: RELEASE-NAME-ngrok-operator-ippolicy-viewer-role
    rules:
      - apiGroups:
          - ingress.k8s.ngrok.com
        resources:
          - ippolicies
        verbs:
          - get
          - list
          - watch
      - apiGroups:
          - ingress.k8s.ngrok.com
        resources:
          - ippolicies/status
        verbs:
          - get
  11: |
    apiVersion: rbac.authorization.k8s.io/v1
    kind: ClusterRole
    metadata:
      labels:
        app.kubernetes.io/component: rbac
        app.kubernetes.io/instance: RELEASE-NAME
        app.kubernetes.io/managed-by: Helm
        app.kubernetes.io/name: ngrok-operator
        app.kubernetes.io/part-of: ngrok-operator
        app.kubernetes.io/version: 0.21.0-rc.1
        helm.sh/chart: ngrok-operator-0.23.0-rc.1
      name: RELEASE-NAME-ngrok-operator-kubernetesoperator-editor-role
    rules:
      - apiGroups:
          - ngrok.k8s.ngrok.com
        resources:
          - kubernetesoperators
        verbs:
          - create
          - delete
          - get
          - list
          - patch
          - update
          - watch
      - apiGroups:
          - ngrok.k8s.ngrok.com
        resources:
          - kubernetesoperators/status
        verbs:
          - get
  12: |
    apiVersion: rbac.authorization.k8s.io/v1
    kind: ClusterRole
    metadata:
      labels:
        app.kubernetes.io/component: rbac
        app.kubernetes.io/instance: RELEASE-NAME
        app.kubernetes.io/managed-by: Helm
        app.kubernetes.io/name: ngrok-operator
        app.kubernetes.io/part-of: ngrok-operator
        app.kubernetes.io/version: 0.21.0-rc.1
        helm.sh/chart: ngrok-operator-0.23.0-rc.1
      name: RELEASE-NAME-ngrok-operator-kubernetesoperator-viewer-role
    rules:
      - apiGroups:
          - ngrok.k8s.ngrok.com
        resources:
          - kubernetesoperators
        verbs:
          - get
          - list
          - watch
      - apiGroups:
          - ngrok.k8s.ngrok.com
        resources:
          - kubernetesoperators/status
        verbs:
          - get
  13: |
    apiVersion: rbac.authorization.k8s.io/v1
    kind: ClusterRole
    metadata:
      labels:
        app.kubernetes.io/component: rbac
        app.kubernetes.io/instance: RELEASE-NAME
        app.kubernetes.io/managed-by: Helm
        app.kubernetes.io/name: ngrok-operator
        app.kubernetes.io/part-of: ngrok-operator
        app.kubernetes.io/version: 0.21.0-rc.1
        helm.sh/chart: ngrok-operator-0.23.0-rc.1
      name: RELEASE-NAME-ngrok-operator-ngroktrafficpolicy-editor-role
    rules:
      - apiGroups:
          - ngrok.k8s.ngrok.com
        resources:
          - ngroktrafficpolicies
        verbs:
          - create
          - delete
          - get
          - list
          - patch
          - update
          - watch
      - apiGroups:
          - ngrok.k8s.ngrok.com
        resources:
          - ngroktrafficpolicies/status
        verbs:
          - get
  14: |
    apiVersion: rbac.authorization.k8s.io/v1
    kind: ClusterRole
    metadata:
      labels:
        app.kubernetes.io/component: rbac
        app.kubernetes.io/instance: RELEASE-NAME
        app.kubernetes.io/managed-by: Helm
        app.kubernetes.io/name: ngrok-operator
        app.kubernetes.io/part-of: ngrok-operator
        app.kubernetes.io/version: 0.21.0-rc.1
        helm.sh/chart: ngrok-operator-0.23.0-rc.1
      name: RELEASE-NAME-ngrok-operator-ngroktrafficpolicy-viewer-role
    rules:
      - apiGroups:
          - ngrok.k8s.ngrok.com
        resources:
          - ngroktrafficpolicies
        verbs:
          - get
          - list
          - watch
      - apiGroups:
          - ngrok.k8s.ngrok.com
        resources:
          - ngroktrafficpolicies/status
        verbs:
          - get
