Should match snapshot:
  1: |
    apiVersion: rbac.authorization.k8s.io/v1
    kind: Role
    metadata:
      name: RELEASE-NAME-ngrok-operator-deployment-watcher
      namespace: NAMESPACE
    rules:
      - apiGroups:
          - apps
        resources:
          - deployments
        verbs:
          - get
          - watch
          - list
  2: |
    apiVersion: rbac.authorization.k8s.io/v1
    kind: RoleBinding
    metadata:
      name: RELEASE-NAME-ngrok-operator-deployment-watcher-rolebinding
      namespace: NAMESPACE
    roleRef:
      apiGroup: rbac.authorization.k8s.io
      kind: Role
      name: RELEASE-NAME-ngrok-operator-deployment-watcher
    subjects:
      - kind: ServiceAccount
        name: RELEASE-NAME-ngrok-operator
        namespace: NAMESPACE
      - kind: ServiceAccount
        name: RELEASE-NAME-ngrok-operator-agent
        namespace: NAMESPACE
