Should match snapshot:
  1: |
    apiVersion: rbac.authorization.k8s.io/v1
    kind: ClusterRole
    metadata:
      name: RELEASE-NAME-ngrok-operator-manager-role
    rules:
      - apiGroups:
          - ""
        resources:
          - configmaps
        verbs:
          - create
          - delete
          - get
          - list
          - update
          - watch
      - apiGroups:
          - ""
        resources:
          - events
        verbs:
          - create
          - patch
      - apiGroups:
          - ""
        resources:
          - namespaces
        verbs:
          - get
          - list
          - update
          - watch
      - apiGroups:
          - ""
        resources:
          - secrets
        verbs:
          - create
          - get
          - list
          - patch
          - update
          - watch
      - apiGroups:
          - ""
        resources:
          - services
          - services/status
        verbs:
          - get
          - list
          - patch
          - update
          - watch
      - apiGroups:
          - bindings.k8s.ngrok.com
        resources:
          - boundendpoints
        verbs:
          - create
          - delete
          - get
          - list
          - patch
          - update
          - watch
      - apiGroups:
          - bindings.k8s.ngrok.com
        resources:
          - boundendpoints/finalizers
        verbs:
          - update
      - apiGroups:
          - bindings.k8s.ngrok.com
        resources:
          - boundendpoints/status
        verbs:
          - get
          - patch
          - update
      - apiGroups:
          - gateway.networking.k8s.io
        resources:
          - gatewayclasses
          - gatewayclasses/status
          - gateways
          - httproutes
          - tcproutes
          - tlsroutes
        verbs:
          - get
          - list
          - patch
          - update
          - watch
      - apiGroups:
          - gateway.networking.k8s.io
        resources:
          - gatewayclasses/finalizers
        verbs:
          - patch
          - update
      - apiGroups:
          - gateway.networking.k8s.io
        resources:
          - gateways/status
          - httproutes/status
          - tcproutes/status
          - tlsroutes/status
        verbs:
          - get
          - list
          - update
          - watch
      - apiGroups:
          - gateway.networking.k8s.io
        resources:
          - referencegrants
        verbs:
          - get
          - list
          - watch
      - apiGroups:
          - ingress.k8s.ngrok.com
        resources:
          - domains
          - ippolicies
        verbs:
          - create
          - delete
          - get
          - list
          - patch
          - update
          - watch
      - apiGroups:
          - ingress.k8s.ngrok.com
        resources:
          - domains/finalizers
          - ippolicies/finalizers
        verbs:
          - update
      - apiGroups:
          - ingress.k8s.ngrok.com
        resources:
          - domains/status
          - ippolicies/status
        verbs:
          - get
          - patch
          - update
      - apiGroups:
          - networking.k8s.io
        resources:
          - ingressclasses
        verbs:
          - get
          - list
          - watch
      - apiGroups:
          - networking.k8s.io
        resources:
          - ingresses
        verbs:
          - get
          - list
          - patch
          - update
          - watch
      - apiGroups:
          - networking.k8s.io
        resources:
          - ingresses/status
        verbs:
          - get
          - list
          - update
          - watch
      - apiGroups:
          - ngrok.k8s.ngrok.com
        resources:
          - agentendpoints
        verbs:
          - delete
          - get
          - list
          - patch
          - update
          - watch
      - apiGroups:
          - ngrok.k8s.ngrok.com
        resources:
          - cloudendpoints
          - kubernetesoperators
          - ngroktrafficpolicies
        verbs:
          - create
          - delete
          - get
          - list
          - patch
          - update
          - watch
      - apiGroups:
          - ngrok.k8s.ngrok.com
        resources:
          - cloudendpoints/finalizers
          - kubernetesoperators/finalizers
          - ngroktrafficpolicies/finalizers
        verbs:
          - update
      - apiGroups:
          - ngrok.k8s.ngrok.com
        resources:
          - cloudendpoints/status
          - kubernetesoperators/status
          - ngroktrafficpolicies/status
        verbs:
          - get
          - patch
          - update
should match snapshot when watchNamespace is set:
  1: |
    apiVersion: rbac.authorization.k8s.io/v1
    kind: Role
    metadata:
      name: RELEASE-NAME-ngrok-operator-manager-role
      namespace: my-namespace
    rules:
      - apiGroups:
          - ""
        resources:
          - configmaps
        verbs:
          - create
          - delete
          - get
          - list
          - update
          - watch
      - apiGroups:
          - ""
        resources:
          - events
        verbs:
          - create
          - patch
      - apiGroups:
          - ""
        resources:
          - secrets
        verbs:
          - create
          - get
          - list
          - patch
          - update
          - watch
      - apiGroups:
          - ""
        resources:
          - services
          - services/status
        verbs:
          - get
          - list
          - patch
          - update
          - watch
      - apiGroups:
          - bindings.k8s.ngrok.com
        resources:
          - boundendpoints
        verbs:
          - create
          - delete
          - get
          - list
          - patch
          - update
          - watch
      - apiGroups:
          - bindings.k8s.ngrok.com
        resources:
          - boundendpoints/finalizers
        verbs:
          - update
      - apiGroups:
          - bindings.k8s.ngrok.com
        resources:
          - boundendpoints/status
        verbs:
          - get
          - patch
          - update
      - apiGroups:
          - gateway.networking.k8s.io
        resources:
          - gateways
          - httproutes
          - tcproutes
          - tlsroutes
        verbs:
          - get
          - list
          - patch
          - update
          - watch
      - apiGroups:
          - gateway.networking.k8s.io
        resources:
          - gateways/status
          - httproutes/status
          - tcproutes/status
          - tlsroutes/status
        verbs:
          - get
          - list
          - update
          - watch
      - apiGroups:
          - gateway.networking.k8s.io
        resources:
          - referencegrants
        verbs:
          - get
          - list
          - watch
      - apiGroups:
          - ingress.k8s.ngrok.com
        resources:
          - domains
          - ippolicies
        verbs:
          - create
          - delete
          - get
          - list
          - patch
          - update
          - watch
      - apiGroups:
          - ingress.k8s.ngrok.com
        resources:
          - domains/finalizers
          - ippolicies/finalizers
        verbs:
          - update
      - apiGroups:
          - ingress.k8s.ngrok.com
        resources:
          - domains/status
          - ippolicies/status
        verbs:
          - get
          - patch
          - update
      - apiGroups:
          - networking.k8s.io
        resources:
          - ingresses
        verbs:
          - get
          - list
          - patch
          - update
          - watch
      - apiGroups:
          - networking.k8s.io
        resources:
          - ingresses/status
        verbs:
          - get
          - list
          - update
          - watch
      - apiGroups:
          - ngrok.k8s.ngrok.com
        resources:
          - agentendpoints
        verbs:
          - delete
          - get
          - list
          - patch
          - update
          - watch
      - apiGroups:
          - ngrok.k8s.ngrok.com
        resources:
          - cloudendpoints
          - kubernetesoperators
          - ngroktrafficpolicies
        verbs:
          - create
          - delete
          - get
          - list
          - patch
          - update
          - watch
      - apiGroups:
          - ngrok.k8s.ngrok.com
        resources:
          - cloudendpoints/finalizers
          - kubernetesoperators/finalizers
          - ngroktrafficpolicies/finalizers
        verbs:
          - update
      - apiGroups:
          - ngrok.k8s.ngrok.com
        resources:
          - cloudendpoints/status
          - kubernetesoperators/status
          - ngroktrafficpolicies/status
        verbs:
          - get
          - patch
          - update
  2: |
    apiVersion: rbac.authorization.k8s.io/v1
    kind: ClusterRole
    metadata:
      name: RELEASE-NAME-ngrok-operator-manager-cluster-role
    rules:
      - apiGroups:
          - ""
        resources:
          - namespaces
        verbs:
          - get
          - list
          - update
          - watch
      - apiGroups:
          - gateway.networking.k8s.io
        resources:
          - gatewayclasses
          - gatewayclasses/status
        verbs:
          - get
          - list
          - patch
          - update
          - watch
      - apiGroups:
          - gateway.networking.k8s.io
        resources:
          - gatewayclasses/finalizers
        verbs:
          - patch
          - update
      - apiGroups:
          - networking.k8s.io
        resources:
          - ingressclasses
        verbs:
          - get
          - list
          - watch
