Should match snapshot:
  1: |
    apiVersion: v1
    kind: ServiceAccount
    metadata:
      labels:
        app.kubernetes.io/component: controller
        app.kubernetes.io/instance: test-release
        app.kubernetes.io/managed-by: Helm
        app.kubernetes.io/name: ngrok-operator
        app.kubernetes.io/part-of: ngrok-operator
        app.kubernetes.io/version: 0.20.0
        helm.sh/chart: ngrok-operator-0.22.0-rc.2
      name: test-release-ngrok-operator-bindings-forwarder
      namespace: test-namespace
