Should match the snapshot:
  1: |
    apiVersion: v1
    kind: ServiceAccount
    metadata:
      labels:
        app.kubernetes.io/component: controller
        app.kubernetes.io/instance: test-release
        app.kubernetes.io/managed-by: Helm
        app.kubernetes.io/name: kubernetes-ingress-controller
        app.kubernetes.io/part-of: kubernetes-ingress-controller
        app.kubernetes.io/version: 0.8.0
        helm.sh/chart: kubernetes-ingress-controller-0.11.0-rc.1
      name: test-release-kubernetes-ingress-controller
      namespace: test-namespace
