should match snapshot:
  1: |
    apiVersion: policy/v1
    kind: PodDisruptionBudget
    metadata:
      labels:
        app.kubernetes.io/component: controller
        app.kubernetes.io/instance: test-release
        app.kubernetes.io/managed-by: Helm
        app.kubernetes.io/name: kubernetes-ingress-controller
        app.kubernetes.io/part-of: kubernetes-ingress-controller
        app.kubernetes.io/version: 0.10.3
        helm.sh/chart: kubernetes-ingress-controller-0.12.3
      name: test-release-kubernetes-ingress-controller-controller-pdb
      namespace: test-namespace
    spec:
      maxUnavailable: 1
      selector:
        matchLabels:
          app.kubernetes.io/component: controller
          app.kubernetes.io/instance: test-release
          app.kubernetes.io/name: kubernetes-ingress-controller
